年齢
学校種
教職経験年数
役職（主業務に最も近いものを選択してください。）
授業でのICT活用
LEAFシステム（BookRoll，分析ツール）を授業・授業外（宿題など）で何か月くらい利用していますか。※利用期間がX年Yか月だった場合、「X/Y」というようにスラッシュで区切って、全て半角で入力してください（例：1年の場合→1/0、2年3か月の場合→2/3、未使用の場合→0/0）
LEAFシステム（BookRoll，分析ツール）を授業・授業外（宿題など）でどれくらい利用していますか
LEAFシステム（BookRoll，分析ツール）をどの教科で使用しますか（複数選択可）
BookRollでよく使う機能を選んでください（複数選択可）
分析ツール（ログパレ）でよく使う機能を選んでください（複数選択可）
教材を配布するため
児童生徒の理解度が高まったと感じる
自由記述
残業時間　　1週間あたり【　　　】時間　（※半角数字で入力してください）
児童・生徒に自分の解答を振り返らせるため
児童・生徒にクラスの人の解答を提示・参照させるため
児童・生徒にクラスの人の学び方を提示・参照させるため
児童・生徒にAIによる問題推薦やアドバイスを受けさせるため
データに基づいてグループを編成するため
クラス全体の傾向を見るため
個人の様子を見るため
取り組みのプロセスを見るため
授業準備時間が短縮した
根拠に基づいた授業設計や教材改善を行えるようになった
分析ツールを使用することで子供たちの学習方法に変化が生じた
個別最適な学びを実現する支援になったと感じる
主体的で対話的で深い学びを実現する支援になったと感じる
協働的な学びを実現する支援になったと感じる
探究的な学びを実現する支援になったと感じる
使い方・操作手順がわかりやすい
LEAFシステムに満足している
児童生徒の学力を把握する時間　　1週間あたり【　　　】時間　（※半角数字で入力してください）
授業に関するプリント作成する時間　　1週間あたり【　　　】時間　（※半角数字で入力してください）
提出物を回収・確認する時間　　1週間あたり【　　　】時間　（※半角数字で入力してください）
課外に児童生徒を個別指導する時間　　1週間あたり【　　　】時間　（※半角数字で入力してください）
